
> op-patchstudio@0.16.0 test:e2e:studio-contract
> playwright test tests/e2e/studio-design-contract.spec.ts tests/e2e/studio-shell.spec.ts tests/e2e/drum-pad-access.spec.ts --project=chromium --reporter=list

[WebServer] (node:14831) Warning: The 'NO_COLOR' env is ignored due to the 'FORCE_COLOR' env being set.
[WebServer] (Use `node --trace-warnings ...` to show where the warning was created)

Running 27 tests using 5 workers

(node:14844) Warning: The 'NO_COLOR' env is ignored due to the 'FORCE_COLOR' env being set.
(Use `node --trace-warnings ...` to show where the warning was created)
(node:14843) Warning: The 'NO_COLOR' env is ignored due to the 'FORCE_COLOR' env being set.
(Use `node --trace-warnings ...` to show where the warning was created)
(node:14846) Warning: The 'NO_COLOR' env is ignored due to the 'FORCE_COLOR' env being set.
(Use `node --trace-warnings ...` to show where the warning was created)
(node:14845) Warning: The 'NO_COLOR' env is ignored due to the 'FORCE_COLOR' env being set.
(Use `node --trace-warnings ...` to show where the warning was created)
(node:14847) Warning: The 'NO_COLOR' env is ignored due to the 'FORCE_COLOR' env being set.
(Use `node --trace-warnings ...` to show where the warning was created)
[WebServer] DEPRECATION WARNING [if-function]: The Sass if() syntax is deprecated in favor of the modern CSS syntax.
[WebServer] 
[WebServer] Suggestion: if(sass($is-number-lower): $lower; else: map.get($breakpoints, $lower))
[WebServer] 
[WebServer] More info: https://sass-lang.com/d/if-function
[WebServer] 
[WebServer]     ╷
[WebServer] 155 │   $min: if($is-number-lower, $lower, map.get($breakpoints, $lower));
[WebServer]     │         ^^^^^^^^^^^^^^^^^^^^^^^^^^^^^^^^^^^^^^^^^^^^^^^^^^^^^^^^^^^
[WebServer]     ╵
[WebServer]     node_modules/@carbon/grid/scss/_breakpoint.scss 155:9   @use
[WebServer]     node_modules/@carbon/type/scss/_styles.scss 13:1        @forward
[WebServer]     node_modules/@carbon/type/index.scss 12:1               @forward
[WebServer]     node_modules/@carbon/styles/scss/type/_index.scss 14:1  @use
[WebServer]     node_modules/@carbon/styles/scss/_reset.scss 9:1        @use
[WebServer]     src/styles/carbon.scss 1:1                              root stylesheet
[WebServer] 
[WebServer] DEPRECATION WARNING [if-function]: The Sass if() syntax is deprecated in favor of the modern CSS syntax.
[WebServer] 
[WebServer] Suggestion: if(sass($is-number-upper): $upper; else: map.get($breakpoints, $upper))
[WebServer] 
[WebServer] More info: https://sass-lang.com/d/if-function
[WebServer] 
[WebServer]     ╷
[WebServer] 156 │   $max: if($is-number-upper, $upper, map.get($breakpoints, $upper));
[WebServer]     │         ^^^^^^^^^^^^^^^^^^^^^^^^^^^^^^^^^^^^^^^^^^^^^^^^^^^^^^^^^^^
[WebServer]     ╵
[WebServer]     node_modules/@carbon/grid/scss/_breakpoint.scss 156:9   @use
[WebServer]     node_modules/@carbon/type/scss/_styles.scss 13:1        @forward
[WebServer]     node_modules/@carbon/type/index.scss 12:1               @forward
[WebServer]     node_modules/@carbon/styles/scss/type/_index.scss 14:1  @use
[WebServer]     node_modules/@carbon/styles/scss/_reset.scss 9:1        @use
[WebServer]     src/styles/carbon.scss 1:1                              root stylesheet
[WebServer] 
[WebServer] DEPRECATION WARNING [if-function]: The Sass if() syntax is deprecated in favor of the modern CSS syntax.
[WebServer] 
[WebServer] Suggestion: if(sass(not $is-number-lower and $min): map.get($min, width); else: $min)
[WebServer] 
[WebServer] More info: https://sass-lang.com/d/if-function
[WebServer] 
[WebServer]     ╷
[WebServer] 159 │     $min-width: if(not $is-number-lower and $min, map.get($min, width), $min);
[WebServer]     │                 ^^^^^^^^^^^^^^^^^^^^^^^^^^^^^^^^^^^^^^^^^^^^^^^^^^^^^^^^^^^^^
[WebServer]     ╵
[WebServer]     node_modules/@carbon/grid/scss/_breakpoint.scss 159:17  @use
[WebServer]     node_modules/@carbon/type/scss/_styles.scss 13:1        @forward
[WebServer]     node_modules/@carbon/type/index.scss 12:1               @forward
[WebServer]     node_modules/@carbon/styles/scss/type/_index.scss 14:1  @use
[WebServer]     node_modules/@carbon/styles/scss/_reset.scss 9:1        @use
[WebServer]     src/styles/carbon.scss 1:1                              root stylesheet
[WebServer] 
[WebServer] DEPRECATION WARNING [if-function]: The Sass if() syntax is deprecated in favor of the modern CSS syntax.
[WebServer] 
[WebServer] Suggestion: if(sass(not $is-number-upper and $max): map.get($max, width); else: $max)
[WebServer] 
[WebServer] More info: https://sass-lang.com/d/if-function
[WebServer] 
[WebServer]     ╷
[WebServer] 160 │     $max-width: if(not $is-number-upper and $max, map.get($max, width), $max);
[WebServer]     │                 ^^^^^^^^^^^^^^^^^^^^^^^^^^^^^^^^^^^^^^^^^^^^^^^^^^^^^^^^^^^^^
[WebServer]     ╵
[WebServer]     node_modules/@carbon/grid/scss/_breakpoint.scss 160:17  @use
[WebServer]     node_modules/@carbon/type/scss/_styles.scss 13:1        @forward
[WebServer]     node_modules/@carbon/type/index.scss 12:1               @forward
[WebServer]     node_modules/@carbon/styles/scss/type/_index.scss 14:1  @use
[WebServer]     node_modules/@carbon/styles/scss/_reset.scss 9:1        @use
[WebServer]     src/styles/carbon.scss 1:1                              root stylesheet
[WebServer] 
[WebServer] DEPRECATION WARNING [if-function]: The Sass if() syntax is deprecated in favor of the modern CSS syntax.
[WebServer] 
[WebServer] Suggestion: if(sass($is-number-lower): $lower; else: map.get($breakpoints, $lower))
[WebServer] 
[WebServer] More info: https://sass-lang.com/d/if-function
[WebServer] 
[WebServer]     ╷
[WebServer] 155 │   $min: if($is-number-lower, $lower, map.get($breakpoints, $lower));
[WebServer]     │         ^^^^^^^^^^^^^^^^^^^^^^^^^^^^^^^^^^^^^^^^^^^^^^^^^^^^^^^^^^^
[WebServer]     ╵
[WebServer]     node_modules/@carbon/grid/scss/_breakpoint.scss 155:9         @use
[WebServer]     node_modules/@carbon/type/scss/_styles.scss 13:1              @forward
[WebServer]     node_modules/@carbon/type/index.scss 12:1                     @use
[WebServer]     node_modules/@carbon/themes/scss/generated/_themes.scss 11:1  @forward
[WebServer]     node_modules/@carbon/themes/scss/_themes.scss 8:1             @forward
[WebServer]     node_modules/@carbon/styles/scss/_themes.scss 9:1             @use
[WebServer]     node_modules/@carbon/styles/scss/compat/_themes.scss 10:1     @use
[WebServer]     node_modules/@carbon/styles/scss/theme/_theme.scss 12:1       @forward
[WebServer]     node_modules/@carbon/styles/scss/_theme.scss 8:1              @use
[WebServer]     src/theme/device-themes.scss 5:1                              root stylesheet
[WebServer] 
[WebServer] DEPRECATION WARNING [if-function]: The Sass if() syntax is deprecated in favor of the modern CSS syntax.
[WebServer] 
[WebServer] Suggestion: if(sass($is-number-upper): $upper; else: map.get($breakpoints, $upper))
[WebServer] 
[WebServer] More info: https://sass-lang.com/d/if-function
[WebServer] 
[WebServer]     ╷
[WebServer] 156 │   $max: if($is-number-upper, $upper, map.get($breakpoints, $upper));
[WebServer]     │         ^^^^^^^^^^^^^^^^^^^^^^^^^^^^^^^^^^^^^^^^^^^^^^^^^^^^^^^^^^^
[WebServer]     ╵
[WebServer]     node_modules/@carbon/grid/scss/_breakpoint.scss 156:9         @use
[WebServer]     node_modules/@carbon/type/scss/_styles.scss 13:1              @forward
[WebServer]     node_modules/@carbon/type/index.scss 12:1                     @use
[WebServer]     node_modules/@carbon/themes/scss/generated/_themes.scss 11:1  @forward
[WebServer]     node_modules/@carbon/themes/scss/_themes.scss 8:1             @forward
[WebServer]     node_modules/@carbon/styles/scss/_themes.scss 9:1             @use
[WebServer]     node_modules/@carbon/styles/scss/compat/_themes.scss 10:1     @use
[WebServer]     node_modules/@carbon/styles/scss/theme/_theme.scss 12:1       @forward
[WebServer]     node_modules/@carbon/styles/scss/_theme.scss 8:1              @use
[WebServer]     src/theme/device-themes.scss 5:1                              root stylesheet
[WebServer] 
[WebServer] DEPRECATION WARNING [if-function]: The Sass if() syntax is deprecated in favor of the modern CSS syntax.
[WebServer] 
[WebServer] Suggestion: if(sass(not $is-number-lower and $min): map.get($min, width); else: $min)
[WebServer] 
[WebServer] More info: https://sass-lang.com/d/if-function
[WebServer] 
[WebServer]     ╷
[WebServer] 159 │     $min-width: if(not $is-number-lower and $min, map.get($min, width), $min);
[WebServer]     │                 ^^^^^^^^^^^^^^^^^^^^^^^^^^^^^^^^^^^^^^^^^^^^^^^^^^^^^^^^^^^^^
[WebServer]     ╵
[WebServer]     node_modules/@carbon/grid/scss/_breakpoint.scss 159:17        @use
[WebServer]     node_modules/@carbon/type/scss/_styles.scss 13:1              @forward
[WebServer]     node_modules/@carbon/type/index.scss 12:1                     @use
[WebServer]     node_modules/@carbon/themes/scss/generated/_themes.scss 11:1  @forward
[WebServer]     node_modules/@carbon/themes/scss/_themes.scss 8:1             @forward
[WebServer]     node_modules/@carbon/styles/scss/_themes.scss 9:1             @use
[WebServer]     node_modules/@carbon/styles/scss/compat/_themes.scss 10:1     @use
[WebServer]     node_modules/@carbon/styles/scss/theme/_theme.scss 12:1       @forward
[WebServer]     node_modules/@carbon/styles/scss/_theme.scss 8:1              @use
[WebServer]     src/theme/device-themes.scss 5:1                              root stylesheet
[WebServer] 
[WebServer] DEPRECATION WARNING [if-function]: The Sass if() syntax is deprecated in favor of the modern CSS syntax.
[WebServer] 
[WebServer] Suggestion: if(sass(not $is-number-upper and $max): map.get($max, width); else: $max)
[WebServer] 
[WebServer] More info: https://sass-lang.com/d/if-function
[WebServer] 
[WebServer]     ╷
[WebServer] 160 │     $max-width: if(not $is-number-upper and $max, map.get($max, width), $max);
[WebServer]     │                 ^^^^^^^^^^^^^^^^^^^^^^^^^^^^^^^^^^^^^^^^^^^^^^^^^^^^^^^^^^^^^
[WebServer]     ╵
[WebServer]     node_modules/@carbon/grid/scss/_breakpoint.scss 160:17        @use
[WebServer]     node_modules/@carbon/type/scss/_styles.scss 13:1              @forward
[WebServer]     node_modules/@carbon/type/index.scss 12:1                     @use
[WebServer]     node_modules/@carbon/themes/scss/generated/_themes.scss 11:1  @forward
[WebServer]     node_modules/@carbon/themes/scss/_themes.scss 8:1             @forward
[WebServer]     node_modules/@carbon/styles/scss/_themes.scss 9:1             @use
[WebServer]     node_modules/@carbon/styles/scss/compat/_themes.scss 10:1     @use
[WebServer]     node_modules/@carbon/styles/scss/theme/_theme.scss 12:1       @forward
[WebServer]     node_modules/@carbon/styles/scss/_theme.scss 8:1              @use
[WebServer]     src/theme/device-themes.scss 5:1                              root stylesheet
[WebServer] 
[WebServer] DEPRECATION WARNING [if-function]: The Sass if() syntax is deprecated in favor of the modern CSS syntax.
[WebServer] 
[WebServer] Suggestion: if(sass($tooltip-type == "definition"): convert.to-rem(8px) convert.to-rem(16px); else: convert.to-rem(3px) convert.to-rem(16px))
[WebServer] 
[WebServer] More info: https://sass-lang.com/d/if-function
[WebServer] 
[WebServer]    ╷
[WebServer] 39 │     padding: if(
[WebServer]    │ ┌────────────^
[WebServer] 40 │ │     $tooltip-type == 'definition',
[WebServer] 41 │ │     convert.to-rem(8px) convert.to-rem(16px),
[WebServer] 42 │ │     convert.to-rem(3px) convert.to-rem(16px)
[WebServer] 43 │ │   );
[WebServer]    │ └───^
[WebServer]    ╵
[WebServer]     node_modules/@carbon/styles/scss/utilities/_tooltip.scss 39:12          @forward
[WebServer]     node_modules/@carbon/styles/scss/utilities/_index.scss 23:1             @use
[WebServer]     node_modules/@carbon/styles/scss/components/popover/_popover.scss 16:1  @forward
[WebServer]     node_modules/@carbon/styles/scss/components/popover/_index.scss 8:1     @use
[WebServer]     node_modules/@carbon/styles/scss/components/tooltip/_tooltip.scss 8:1   @forward
[WebServer]     node_modules/@carbon/styles/scss/components/tooltip/_index.scss 8:1     @use
[WebServer]     node_modules/@carbon/styles/scss/components/button/_button.scss 11:1    @forward
[WebServer]     node_modules/@carbon/styles/scss/components/button/_index.scss 9:1      @use
[WebServer]     src/styles/carbon.scss 2:1                                              root stylesheet
[WebServer] 
[WebServer] WARNING: 1 repetitive deprecation warnings omitted.
[WebServer] Run in verbose mode to see all warnings.
[WebServer] 
  ✓   3 [chromium] › tests/e2e/drum-pad-access.spec.ts:5:3 › desktop drum workbench keeps both banks beside the editor at 1024px (3.0s)
  ✓   2 [chromium] › tests/e2e/drum-pad-access.spec.ts:5:3 › desktop drum workbench keeps both banks beside the editor at 1440px (3.0s)
  ✓   5 [chromium] › tests/e2e/drum-pad-access.spec.ts:35:3 › all desktop drum pads remain reachable at 900px (3.2s)
  ✓   4 [chromium] › tests/e2e/drum-pad-access.spec.ts:35:3 › all desktop drum pads remain reachable at 770px (3.3s)
  ✓   1 [chromium] › tests/e2e/drum-pad-access.spec.ts:35:3 › all desktop drum pads remain reachable at 1280px (3.3s)
  ✓   8 [chromium] › tests/e2e/studio-design-contract.spec.ts:54:3 › unified launch surface › desktop: one horizontal header, one launch row, gear strip, then secondary shortcuts (734ms)
  ✓   7 [chromium] › tests/e2e/drum-pad-access.spec.ts:107:1 › loaded labels remain legible on the narrow drum keys (1.1s)
  ✓   6 [chromium] › tests/e2e/drum-pad-access.spec.ts:78:1 › phone bank controls still expose all 24 drum slots (1.3s)
  ✓   9 [chromium] › tests/e2e/studio-design-contract.spec.ts:131:3 › unified launch surface › keyboard order follows the launch hierarchy and every target is operable (1.2s)
  ✓  12 [chromium] › tests/e2e/studio-design-contract.spec.ts:237:3 › unified launch surface › build identity is exposed and matches the server that delivered it (459ms)
  ✓  13 [chromium] › tests/e2e/studio-design-contract.spec.ts:255:3 › narrow launch and drum workbench › medium launch uses two equal rows with aligned actions (631ms)
  ✓  11 [chromium] › tests/e2e/studio-design-contract.spec.ts:205:3 › unified launch surface › semantic colour: neutral actions, cyan loaded, orange selected, red destructive (1.2s)
  ✓  14 [chromium] › tests/e2e/studio-design-contract.spec.ts:270:3 › narrow launch and drum workbench › narrow launch stacks modules without overflow and keeps 44px targets (717ms)
  ✓  15 [chromium] › tests/e2e/studio-design-contract.spec.ts:291:5 › narrow launch and drum workbench › desktop drum workbench at 1440px: compact header zone, stacked banks left, editor right, quiet EMPTY labels (1.1s)
  ✓  16 [chromium] › tests/e2e/studio-design-contract.spec.ts:291:5 › narrow launch and drum workbench › desktop drum workbench at 1024px: compact header zone, stacked banks left, editor right, quiet EMPTY labels (967ms)
  ✓  17 [chromium] › tests/e2e/studio-design-contract.spec.ts:338:5 › narrow launch and drum workbench › drum workbench collapses to one column without overflow at 900px (884ms)
  ✓  18 [chromium] › tests/e2e/studio-design-contract.spec.ts:338:5 › narrow launch and drum workbench › drum workbench collapses to one column without overflow at 390px (894ms)
  ✓  19 [chromium] › tests/e2e/studio-shell.spec.ts:3:1 › desktop studio uses the available width and has one brand header (506ms)
  ✓  10 [chromium] › tests/e2e/studio-design-contract.spec.ts:161:3 › unified launch surface › task calls to action open their tools directly; setup guidance stays optional (2.9s)
  ✓  20 [chromium] › tests/e2e/studio-shell.spec.ts:14:1 › overview does not load the drum editor until it is opened (1.3s)
  ✓  21 [chromium] › tests/e2e/studio-shell.spec.ts:24:1 › overview defers device and recording workspaces until requested (1.3s)
  ✓  22 [chromium] › tests/e2e/studio-shell.spec.ts:49:1 › single-sample path reaches manual recording; Help search and navigation preserve the recorder (1.4s)
  ✓  23 [chromium] › tests/e2e/studio-shell.spec.ts:34:1 › top-level workspace navigation survives reload and browser Back (1.5s)
  ✓  24 [chromium] › tests/e2e/studio-shell.spec.ts:85:1 › automatic multisampling and drum setup reach their actual recorders (1.7s)
  ✓  25 [chromium] › tests/e2e/studio-shell.spec.ts:105:1 › management distinguishes an editable project from library and device export (807ms)
  ✓  26 [chromium] › tests/e2e/studio-shell.spec.ts:118:1 › narrow Overview and Help retain usable navigation without page overflow (580ms)
  ✓  27 [chromium] › tests/e2e/studio-shell.spec.ts:131:1 › route focus keeps narrow navigation visible and uses the shell as the only workspace map (767ms)

  27 passed (12.0s)
