
> op-patchstudio@0.16.0 test:visual
> playwright test --config=playwright.visual.config.ts --update-snapshots=none --output=docs/verification/proactive-review-2026-10-02/followthrough/visual-reconciliation/verify-1

[WebServer] (node:15503) Warning: The 'NO_COLOR' env is ignored due to the 'FORCE_COLOR' env being set.
[WebServer] (Use `node --trace-warnings ...` to show where the warning was created)

Running 12 tests using 1 worker

(node:15507) Warning: The 'NO_COLOR' env is ignored due to the 'FORCE_COLOR' env being set.
(Use `node --trace-warnings ...` to show where the warning was created)
[WebServer] DEPRECATION WARNING [if-function]: The Sass if() syntax is deprecated in favor of the modern CSS syntax.
[WebServer] 
[WebServer] Suggestion: if(sass($is-number-lower): $lower; else: map.get($breakpoints, $lower))
[WebServer] 
[WebServer] More info: https://sass-lang.com/d/if-function
[WebServer] 
[WebServer]     ╷
[WebServer] 155 │   $min: if($is-number-lower, $lower, map.get($breakpoints, $lower));
[WebServer]     │         ^^^^^^^^^^^^^^^^^^^^^^^^^^^^^^^^^^^^^^^^^^^^^^^^^^^^^^^^^^^
[WebServer]     ╵
[WebServer]     node_modules/@carbon/grid/scss/_breakpoint.scss 155:9   @use
[WebServer]     node_modules/@carbon/type/scss/_styles.scss 13:1        @forward
[WebServer]     node_modules/@carbon/type/index.scss 12:1               @forward
[WebServer]     node_modules/@carbon/styles/scss/type/_index.scss 14:1  @use
[WebServer]     node_modules/@carbon/styles/scss/_reset.scss 9:1        @use
[WebServer]     src/styles/carbon.scss 1:1                              root stylesheet
[WebServer] 
[WebServer] DEPRECATION WARNING [if-function]: The Sass if() syntax is deprecated in favor of the modern CSS syntax.
[WebServer] 
[WebServer] Suggestion: if(sass($is-number-upper): $upper; else: map.get($breakpoints, $upper))
[WebServer] 
[WebServer] More info: https://sass-lang.com/d/if-function
[WebServer] 
[WebServer]     ╷
[WebServer] 156 │   $max: if($is-number-upper, $upper, map.get($breakpoints, $upper));
[WebServer]     │         ^^^^^^^^^^^^^^^^^^^^^^^^^^^^^^^^^^^^^^^^^^^^^^^^^^^^^^^^^^^
[WebServer]     ╵
[WebServer]     node_modules/@carbon/grid/scss/_breakpoint.scss 156:9   @use
[WebServer]     node_modules/@carbon/type/scss/_styles.scss 13:1        @forward
[WebServer]     node_modules/@carbon/type/index.scss 12:1               @forward
[WebServer]     node_modules/@carbon/styles/scss/type/_index.scss 14:1  @use
[WebServer]     node_modules/@carbon/styles/scss/_reset.scss 9:1        @use
[WebServer]     src/styles/carbon.scss 1:1                              root stylesheet
[WebServer] 
[WebServer] DEPRECATION WARNING [if-function]: The Sass if() syntax is deprecated in favor of the modern CSS syntax.
[WebServer] 
[WebServer] Suggestion: if(sass(not $is-number-lower and $min): map.get($min, width); else: $min)
[WebServer] 
[WebServer] More info: https://sass-lang.com/d/if-function
[WebServer] 
[WebServer]     ╷
[WebServer] 159 │     $min-width: if(not $is-number-lower and $min, map.get($min, width), $min);
[WebServer]     │                 ^^^^^^^^^^^^^^^^^^^^^^^^^^^^^^^^^^^^^^^^^^^^^^^^^^^^^^^^^^^^^
[WebServer]     ╵
[WebServer]     node_modules/@carbon/grid/scss/_breakpoint.scss 159:17  @use
[WebServer]     node_modules/@carbon/type/scss/_styles.scss 13:1        @forward
[WebServer]     node_modules/@carbon/type/index.scss 12:1               @forward
[WebServer]     node_modules/@carbon/styles/scss/type/_index.scss 14:1  @use
[WebServer]     node_modules/@carbon/styles/scss/_reset.scss 9:1        @use
[WebServer]     src/styles/carbon.scss 1:1                              root stylesheet
[WebServer] 
[WebServer] DEPRECATION WARNING [if-function]: The Sass if() syntax is deprecated in favor of the modern CSS syntax.
[WebServer] 
[WebServer] Suggestion: if(sass(not $is-number-upper and $max): map.get($max, width); else: $max)
[WebServer] 
[WebServer] More info: https://sass-lang.com/d/if-function
[WebServer] 
[WebServer]     ╷
[WebServer] 160 │     $max-width: if(not $is-number-upper and $max, map.get($max, width), $max);
[WebServer]     │                 ^^^^^^^^^^^^^^^^^^^^^^^^^^^^^^^^^^^^^^^^^^^^^^^^^^^^^^^^^^^^^
[WebServer]     ╵
[WebServer]     node_modules/@carbon/grid/scss/_breakpoint.scss 160:17  @use
[WebServer]     node_modules/@carbon/type/scss/_styles.scss 13:1        @forward
[WebServer]     node_modules/@carbon/type/index.scss 12:1               @forward
[WebServer]     node_modules/@carbon/styles/scss/type/_index.scss 14:1  @use
[WebServer]     node_modules/@carbon/styles/scss/_reset.scss 9:1        @use
[WebServer]     src/styles/carbon.scss 1:1                              root stylesheet
[WebServer] 
[WebServer] DEPRECATION WARNING [if-function]: The Sass if() syntax is deprecated in favor of the modern CSS syntax.
[WebServer] 
[WebServer] Suggestion: if(sass($is-number-lower): $lower; else: map.get($breakpoints, $lower))
[WebServer] 
[WebServer] More info: https://sass-lang.com/d/if-function
[WebServer] 
[WebServer]     ╷
[WebServer] 155 │   $min: if($is-number-lower, $lower, map.get($breakpoints, $lower));
[WebServer]     │         ^^^^^^^^^^^^^^^^^^^^^^^^^^^^^^^^^^^^^^^^^^^^^^^^^^^^^^^^^^^
[WebServer]     ╵
[WebServer]     node_modules/@carbon/grid/scss/_breakpoint.scss 155:9         @use
[WebServer]     node_modules/@carbon/type/scss/_styles.scss 13:1              @forward
[WebServer]     node_modules/@carbon/type/index.scss 12:1                     @use
[WebServer]     node_modules/@carbon/themes/scss/generated/_themes.scss 11:1  @forward
[WebServer]     node_modules/@carbon/themes/scss/_themes.scss 8:1             @forward
[WebServer]     node_modules/@carbon/styles/scss/_themes.scss 9:1             @use
[WebServer]     node_modules/@carbon/styles/scss/compat/_themes.scss 10:1     @use
[WebServer]     node_modules/@carbon/styles/scss/theme/_theme.scss 12:1       @forward
[WebServer]     node_modules/@carbon/styles/scss/_theme.scss 8:1              @use
[WebServer]     src/theme/device-themes.scss 5:1                              root stylesheet
[WebServer] 
[WebServer] DEPRECATION WARNING [if-function]: The Sass if() syntax is deprecated in favor of the modern CSS syntax.
[WebServer] 
[WebServer] Suggestion: if(sass($is-number-upper): $upper; else: map.get($breakpoints, $upper))
[WebServer] 
[WebServer] More info: https://sass-lang.com/d/if-function
[WebServer] 
[WebServer]     ╷
[WebServer] 156 │   $max: if($is-number-upper, $upper, map.get($breakpoints, $upper));
[WebServer]     │         ^^^^^^^^^^^^^^^^^^^^^^^^^^^^^^^^^^^^^^^^^^^^^^^^^^^^^^^^^^^
[WebServer]     ╵
[WebServer]     node_modules/@carbon/grid/scss/_breakpoint.scss 156:9         @use
[WebServer]     node_modules/@carbon/type/scss/_styles.scss 13:1              @forward
[WebServer]     node_modules/@carbon/type/index.scss 12:1                     @use
[WebServer]     node_modules/@carbon/themes/scss/generated/_themes.scss 11:1  @forward
[WebServer]     node_modules/@carbon/themes/scss/_themes.scss 8:1             @forward
[WebServer]     node_modules/@carbon/styles/scss/_themes.scss 9:1             @use
[WebServer]     node_modules/@carbon/styles/scss/compat/_themes.scss 10:1     @use
[WebServer]     node_modules/@carbon/styles/scss/theme/_theme.scss 12:1       @forward
[WebServer]     node_modules/@carbon/styles/scss/_theme.scss 8:1              @use
[WebServer]     src/theme/device-themes.scss 5:1                              root stylesheet
[WebServer] 
[WebServer] DEPRECATION WARNING [if-function]: The Sass if() syntax is deprecated in favor of the modern CSS syntax.
[WebServer] 
[WebServer] Suggestion: if(sass(not $is-number-lower and $min): map.get($min, width); else: $min)
[WebServer] 
[WebServer] More info: https://sass-lang.com/d/if-function
[WebServer] 
[WebServer]     ╷
[WebServer] 159 │     $min-width: if(not $is-number-lower and $min, map.get($min, width), $min);
[WebServer]     │                 ^^^^^^^^^^^^^^^^^^^^^^^^^^^^^^^^^^^^^^^^^^^^^^^^^^^^^^^^^^^^^
[WebServer]     ╵
[WebServer]     node_modules/@carbon/grid/scss/_breakpoint.scss 159:17        @use
[WebServer]     node_modules/@carbon/type/scss/_styles.scss 13:1              @forward
[WebServer]     node_modules/@carbon/type/index.scss 12:1                     @use
[WebServer]     node_modules/@carbon/themes/scss/generated/_themes.scss 11:1  @forward
[WebServer]     node_modules/@carbon/themes/scss/_themes.scss 8:1             @forward
[WebServer]     node_modules/@carbon/styles/scss/_themes.scss 9:1             @use
[WebServer]     node_modules/@carbon/styles/scss/compat/_themes.scss 10:1     @use
[WebServer]     node_modules/@carbon/styles/scss/theme/_theme.scss 12:1       @forward
[WebServer]     node_modules/@carbon/styles/scss/_theme.scss 8:1              @use
[WebServer]     src/theme/device-themes.scss 5:1                              root stylesheet
[WebServer] 
[WebServer] DEPRECATION WARNING [if-function]: The Sass if() syntax is deprecated in favor of the modern CSS syntax.
[WebServer] 
[WebServer] Suggestion: if(sass(not $is-number-upper and $max): map.get($max, width); else: $max)
[WebServer] 
[WebServer] More info: https://sass-lang.com/d/if-function
[WebServer] 
[WebServer]     ╷
[WebServer] 160 │     $max-width: if(not $is-number-upper and $max, map.get($max, width), $max);
[WebServer]     │                 ^^^^^^^^^^^^^^^^^^^^^^^^^^^^^^^^^^^^^^^^^^^^^^^^^^^^^^^^^^^^^
[WebServer]     ╵
[WebServer]     node_modules/@carbon/grid/scss/_breakpoint.scss 160:17        @use
[WebServer]     node_modules/@carbon/type/scss/_styles.scss 13:1              @forward
[WebServer]     node_modules/@carbon/type/index.scss 12:1                     @use
[WebServer]     node_modules/@carbon/themes/scss/generated/_themes.scss 11:1  @forward
[WebServer]     node_modules/@carbon/themes/scss/_themes.scss 8:1             @forward
[WebServer]     node_modules/@carbon/styles/scss/_themes.scss 9:1             @use
[WebServer]     node_modules/@carbon/styles/scss/compat/_themes.scss 10:1     @use
[WebServer]     node_modules/@carbon/styles/scss/theme/_theme.scss 12:1       @forward
[WebServer]     node_modules/@carbon/styles/scss/_theme.scss 8:1              @use
[WebServer]     src/theme/device-themes.scss 5:1                              root stylesheet
[WebServer] 
[WebServer] DEPRECATION WARNING [if-function]: The Sass if() syntax is deprecated in favor of the modern CSS syntax.
[WebServer] 
[WebServer] Suggestion: if(sass($tooltip-type == "definition"): convert.to-rem(8px) convert.to-rem(16px); else: convert.to-rem(3px) convert.to-rem(16px))
[WebServer] 
[WebServer] More info: https://sass-lang.com/d/if-function
[WebServer] 
[WebServer]    ╷
[WebServer] 39 │     padding: if(
[WebServer]    │ ┌────────────^
[WebServer] 40 │ │     $tooltip-type == 'definition',
[WebServer] 41 │ │     convert.to-rem(8px) convert.to-rem(16px),
[WebServer] 42 │ │     convert.to-rem(3px) convert.to-rem(16px)
[WebServer] 43 │ │   );
[WebServer]    │ └───^
[WebServer]    ╵
[WebServer]     node_modules/@carbon/styles/scss/utilities/_tooltip.scss 39:12          @forward
[WebServer]     node_modules/@carbon/styles/scss/utilities/_index.scss 23:1             @use
[WebServer]     node_modules/@carbon/styles/scss/components/popover/_popover.scss 16:1  @forward
[WebServer]     node_modules/@carbon/styles/scss/components/popover/_index.scss 8:1     @use
[WebServer]     node_modules/@carbon/styles/scss/components/tooltip/_tooltip.scss 8:1   @forward
[WebServer]     node_modules/@carbon/styles/scss/components/tooltip/_index.scss 8:1     @use
[WebServer]     node_modules/@carbon/styles/scss/components/button/_button.scss 11:1    @forward
[WebServer]     node_modules/@carbon/styles/scss/components/button/_index.scss 9:1      @use
[WebServer]     src/styles/carbon.scss 2:1                                              root stylesheet
[WebServer] 
[WebServer] WARNING: 1 repetitive deprecation warnings omitted.
[WebServer] Run in verbose mode to see all warnings.
[WebServer] 
  ✓   1 [chromium] › tests/visual/studio-visual.spec.ts:24:7 › desktop light › launch (1.7s)
  ✓   2 [chromium] › tests/visual/studio-visual.spec.ts:31:7 › desktop light › empty drum workbench (1.4s)
  ✓   3 [chromium] › tests/visual/studio-visual.spec.ts:39:7 › desktop light › drum workbench with the Studio Seed kit (6.8s)
  ✓   4 [chromium] › tests/visual/studio-visual.spec.ts:24:7 › narrow light › launch (950ms)
  ✓   5 [chromium] › tests/visual/studio-visual.spec.ts:31:7 › narrow light › empty drum workbench (1.2s)
  ✓   6 [chromium] › tests/visual/studio-visual.spec.ts:39:7 › narrow light › drum workbench with the Studio Seed kit (6.7s)
  ✓   7 [chromium] › tests/visual/studio-visual.spec.ts:24:7 › desktop dark › launch (945ms)
  ✓   8 [chromium] › tests/visual/studio-visual.spec.ts:31:7 › desktop dark › empty drum workbench (1.2s)
  ✓   9 [chromium] › tests/visual/studio-visual.spec.ts:39:7 › desktop dark › drum workbench with the Studio Seed kit (6.8s)
  ✓  10 [chromium] › tests/visual/studio-visual.spec.ts:24:7 › narrow dark › launch (902ms)
  ✓  11 [chromium] › tests/visual/studio-visual.spec.ts:31:7 › narrow dark › empty drum workbench (1.2s)
  ✓  12 [chromium] › tests/visual/studio-visual.spec.ts:39:7 › narrow dark › drum workbench with the Studio Seed kit (6.7s)

  12 passed (38.2s)
