[WebServer] (node:52348) Warning: The 'NO_COLOR' env is ignored due to the 'FORCE_COLOR' env being set.
[WebServer] (Use `node --trace-warnings ...` to show where the warning was created)

Running 30 tests using 2 workers

(node:52350) Warning: The 'NO_COLOR' env is ignored due to the 'FORCE_COLOR' env being set.
(Use `node --trace-warnings ...` to show where the warning was created)
(node:52351) Warning: The 'NO_COLOR' env is ignored due to the 'FORCE_COLOR' env being set.
(Use `node --trace-warnings ...` to show where the warning was created)
Playwright directory wait timed out; exact native input/change events verified.
  ✓   1 [chromium] › tests/e2e/directory-upload-helper.spec.ts:8:3 › directory wait recovery verifies completed selection (218ms)
  ✓   2 [chromium] › tests/e2e/directory-upload-helper.spec.ts:8:3 › directory wait recovery verifies wrong files (222ms)
  ✓   4 [chromium] › tests/e2e/directory-upload-helper.spec.ts:8:3 › directory wait recovery verifies transport error (108ms)
  ✓   3 [chromium] › tests/e2e/directory-upload-helper.spec.ts:8:3 › directory wait recovery verifies missing events (117ms)
  ✓   6 [chromium] › tests/e2e/file-entry-audit.spec.ts:9:56 › multisample Browse folder reviews files and Cancel keeps the empty instrument (1.0s)
  ✓   5 [chromium] › tests/e2e/file-entry-audit.spec.ts:9:56 › drum Browse folder reviews files and Cancel keeps the empty instrument (1.0s)
(node:52369) Warning: The 'NO_COLOR' env is ignored due to the 'FORCE_COLOR' env being set.
(Use `node --trace-warnings ...` to show where the warning was created)
(node:52370) Warning: The 'NO_COLOR' env is ignored due to the 'FORCE_COLOR' env being set.
(Use `node --trace-warnings ...` to show where the warning was created)
Playwright directory wait timed out; exact native input/change events verified.
  ✓   7 [firefox] › tests/e2e/directory-upload-helper.spec.ts:8:3 › directory wait recovery verifies completed selection (1.2s)
  ✓   9 [firefox] › tests/e2e/directory-upload-helper.spec.ts:8:3 › directory wait recovery verifies missing events (261ms)
  ✓   8 [firefox] › tests/e2e/directory-upload-helper.spec.ts:8:3 › directory wait recovery verifies wrong files (1.2s)
  ✓  10 [firefox] › tests/e2e/directory-upload-helper.spec.ts:8:3 › directory wait recovery verifies transport error (259ms)
  ✓  11 [firefox] › tests/e2e/file-entry-audit.spec.ts:9:56 › drum Browse folder reviews files and Cancel keeps the empty instrument (1.6s)
  ✓  12 [firefox] › tests/e2e/file-entry-audit.spec.ts:9:56 › multisample Browse folder reviews files and Cancel keeps the empty instrument (1.5s)
(node:52593) Warning: The 'NO_COLOR' env is ignored due to the 'FORCE_COLOR' env being set.
(Use `node --trace-warnings ...` to show where the warning was created)
(node:52598) Warning: The 'NO_COLOR' env is ignored due to the 'FORCE_COLOR' env being set.
(Use `node --trace-warnings ...` to show where the warning was created)
Playwright directory wait timed out; exact native input/change events verified.
  ✓  13 [webkit] › tests/e2e/directory-upload-helper.spec.ts:8:3 › directory wait recovery verifies completed selection (941ms)
  ✓  14 [webkit] › tests/e2e/directory-upload-helper.spec.ts:8:3 › directory wait recovery verifies wrong files (947ms)
  ✓  16 [webkit] › tests/e2e/directory-upload-helper.spec.ts:8:3 › directory wait recovery verifies transport error (319ms)
  ✓  15 [webkit] › tests/e2e/directory-upload-helper.spec.ts:8:3 › directory wait recovery verifies missing events (431ms)
  ✓  17 [webkit] › tests/e2e/file-entry-audit.spec.ts:9:56 › drum Browse folder reviews files and Cancel keeps the empty instrument (1.2s)
  ✓  18 [webkit] › tests/e2e/file-entry-audit.spec.ts:9:56 › multisample Browse folder reviews files and Cancel keeps the empty instrument (1.3s)
(node:52670) Warning: The 'NO_COLOR' env is ignored due to the 'FORCE_COLOR' env being set.
(Use `node --trace-warnings ...` to show where the warning was created)
(node:52671) Warning: The 'NO_COLOR' env is ignored due to the 'FORCE_COLOR' env being set.
(Use `node --trace-warnings ...` to show where the warning was created)
Playwright directory wait timed out; exact native input/change events verified.
  ✓  19 [Mobile Chrome] › tests/e2e/directory-upload-helper.spec.ts:8:3 › directory wait recovery verifies completed selection (274ms)
  ✓  21 [Mobile Chrome] › tests/e2e/directory-upload-helper.spec.ts:8:3 › directory wait recovery verifies missing events (111ms)
  ✓  20 [Mobile Chrome] › tests/e2e/directory-upload-helper.spec.ts:8:3 › directory wait recovery verifies wrong files (246ms)
  ✓  22 [Mobile Chrome] › tests/e2e/directory-upload-helper.spec.ts:8:3 › directory wait recovery verifies transport error (103ms)
  ✓  23 [Mobile Chrome] › tests/e2e/file-entry-audit.spec.ts:9:56 › drum Browse folder reviews files and Cancel keeps the empty instrument (1.0s)
  ✓  24 [Mobile Chrome] › tests/e2e/file-entry-audit.spec.ts:9:56 › multisample Browse folder reviews files and Cancel keeps the empty instrument (997ms)
(node:52690) Warning: The 'NO_COLOR' env is ignored due to the 'FORCE_COLOR' env being set.
(Use `node --trace-warnings ...` to show where the warning was created)
(node:52689) Warning: The 'NO_COLOR' env is ignored due to the 'FORCE_COLOR' env being set.
(Use `node --trace-warnings ...` to show where the warning was created)
  ✓  26 [Mobile Safari] › tests/e2e/directory-upload-helper.spec.ts:8:3 › directory wait recovery verifies wrong files (608ms)
  ✓  27 [Mobile Safari] › tests/e2e/directory-upload-helper.spec.ts:8:3 › directory wait recovery verifies missing events (277ms)
  ✓  28 [Mobile Safari] › tests/e2e/directory-upload-helper.spec.ts:8:3 › directory wait recovery verifies transport error (245ms)
  ✓  29 [Mobile Safari] › tests/e2e/file-entry-audit.spec.ts:9:56 › drum Browse folder reviews files and Cancel keeps the empty instrument (1.0s)
  ✓  30 [Mobile Safari] › tests/e2e/file-entry-audit.spec.ts:9:56 › multisample Browse folder reviews files and Cancel keeps the empty instrument (1.1s)
Playwright directory wait timed out; exact native input/change events verified.
  ✓  25 [Mobile Safari] › tests/e2e/directory-upload-helper.spec.ts:8:3 › directory wait recovery verifies completed selection (5.6s)

  30 passed (28.0s)
