[WebServer] (node:62095) Warning: The 'NO_COLOR' env is ignored due to the 'FORCE_COLOR' env being set.
[WebServer] (Use `node --trace-warnings ...` to show where the warning was created)

Running 90 tests using 2 workers

(node:62120) Warning: The 'NO_COLOR' env is ignored due to the 'FORCE_COLOR' env being set.
(Use `node --trace-warnings ...` to show where the warning was created)
(node:62119) Warning: The 'NO_COLOR' env is ignored due to the 'FORCE_COLOR' env being set.
(Use `node --trace-warnings ...` to show where the warning was created)
Playwright directory wait timed out; exact native input/change events verified.
  ✓   2 [chromium] › tests/e2e/directory-upload-helper.spec.ts:8:3 › directory wait recovery verifies completed selection (249ms)
  ✓   1 [chromium] › tests/e2e/directory-upload-helper.spec.ts:8:3 › directory wait recovery verifies wrong files (250ms)
  ✓   4 [chromium] › tests/e2e/directory-upload-helper.spec.ts:8:3 › directory wait recovery verifies transport error (144ms)
  ✓   3 [chromium] › tests/e2e/directory-upload-helper.spec.ts:8:3 › directory wait recovery verifies missing events (153ms)
  ✓   6 [chromium] › tests/e2e/file-entry-audit.spec.ts:9:56 › multisample Browse folder reviews files and Cancel keeps the empty instrument (931ms)
  ✓   5 [chromium] › tests/e2e/file-entry-audit.spec.ts:9:56 › drum Browse folder reviews files and Cancel keeps the empty instrument (1.1s)
  ✓   7 [chromium] › tests/e2e/file-entry-audit.spec.ts:17:1 › multisample patch settings chooser imports atomically and supports Undo (898ms)
  ✓   8 [chromium] › tests/e2e/file-entry-audit.spec.ts:20:1 › drum import rejects malformed OP-1 files, auditions unassigned audio, and opens setup help (949ms)
  ✓   9 [chromium] › tests/e2e/file-entry-audit.spec.ts:26:1 › mobile empty drum table browse loads the chosen pad (781ms)
  ✓  10 [chromium] › tests/e2e/file-entry-audit.spec.ts:30:1 › multisample import inclusion and root edits commit together and Undo (1.1s)
  ✓  11 [chromium] › tests/e2e/file-entry-audit.spec.ts:36:1 › export preflight edits name and includes unassigned sound only when requested (1.3s)
  ✓  12 [chromium] › tests/e2e/file-entry-audit.spec.ts:48:1 › multisample zone selection and note naming do not change roots (955ms)
  ✓  13 [chromium] › tests/e2e/file-entry-audit.spec.ts:53:31 › multisample empty table 1440px browse and waveform draft cancellation (1.5s)
  ✓  14 [chromium] › tests/e2e/file-entry-audit.spec.ts:53:31 › multisample empty table 390px browse and waveform draft cancellation (1.6s)
  ✓  16 [chromium] › tests/e2e/file-entry-audit.spec.ts:62:1 › wide drum MIDI audition channel persists with an isolated MIDI stub (682ms)
  ✓  15 [chromium] › tests/e2e/file-entry-audit.spec.ts:57:1 › organize row drops choose the intended empty pads (1.0s)
  ✓  18 [chromium] › tests/e2e/file-entry-audit.spec.ts:71:1 › sample settings waveform drag is saved once and Undo restores markers (1.1s)
  ✓  17 [chromium] › tests/e2e/file-entry-audit.spec.ts:67:1 › an empty multisample key selects the root for the nearby Add sounds chooser (1.2s)
(node:62191) Warning: The 'NO_COLOR' env is ignored due to the 'FORCE_COLOR' env being set.
(Use `node --trace-warnings ...` to show where the warning was created)
(node:62190) Warning: The 'NO_COLOR' env is ignored due to the 'FORCE_COLOR' env being set.
(Use `node --trace-warnings ...` to show where the warning was created)
  ✓  19 [firefox] › tests/e2e/directory-upload-helper.spec.ts:8:3 › directory wait recovery verifies wrong files (1.3s)
Playwright directory wait timed out; exact native input/change events verified.
  ✓  20 [firefox] › tests/e2e/directory-upload-helper.spec.ts:8:3 › directory wait recovery verifies completed selection (1.2s)
  ✓  21 [firefox] › tests/e2e/directory-upload-helper.spec.ts:8:3 › directory wait recovery verifies missing events (327ms)
  ✓  22 [firefox] › tests/e2e/directory-upload-helper.spec.ts:8:3 › directory wait recovery verifies transport error (276ms)
  ✓  24 [firefox] › tests/e2e/file-entry-audit.spec.ts:9:56 › multisample Browse folder reviews files and Cancel keeps the empty instrument (2.0s)
  ✓  23 [firefox] › tests/e2e/file-entry-audit.spec.ts:9:56 › drum Browse folder reviews files and Cancel keeps the empty instrument (2.6s)
  ✓  25 [firefox] › tests/e2e/file-entry-audit.spec.ts:17:1 › multisample patch settings chooser imports atomically and supports Undo (1.2s)
  ✓  26 [firefox] › tests/e2e/file-entry-audit.spec.ts:20:1 › drum import rejects malformed OP-1 files, auditions unassigned audio, and opens setup help (1.3s)
  ✓  27 [firefox] › tests/e2e/file-entry-audit.spec.ts:26:1 › mobile empty drum table browse loads the chosen pad (1.0s)
  ✓  28 [firefox] › tests/e2e/file-entry-audit.spec.ts:30:1 › multisample import inclusion and root edits commit together and Undo (1.5s)
  ✓  29 [firefox] › tests/e2e/file-entry-audit.spec.ts:36:1 › export preflight edits name and includes unassigned sound only when requested (1.5s)
  ✓  30 [firefox] › tests/e2e/file-entry-audit.spec.ts:48:1 › multisample zone selection and note naming do not change roots (1.6s)
  ✓  31 [firefox] › tests/e2e/file-entry-audit.spec.ts:53:31 › multisample empty table 1440px browse and waveform draft cancellation (2.1s)
  ✓  32 [firefox] › tests/e2e/file-entry-audit.spec.ts:53:31 › multisample empty table 390px browse and waveform draft cancellation (1.7s)
  ✓  33 [firefox] › tests/e2e/file-entry-audit.spec.ts:57:1 › organize row drops choose the intended empty pads (1.4s)
  ✓  34 [firefox] › tests/e2e/file-entry-audit.spec.ts:62:1 › wide drum MIDI audition channel persists with an isolated MIDI stub (898ms)
  ✓  35 [firefox] › tests/e2e/file-entry-audit.spec.ts:67:1 › an empty multisample key selects the root for the nearby Add sounds chooser (1.5s)
  ✓  36 [firefox] › tests/e2e/file-entry-audit.spec.ts:71:1 › sample settings waveform drag is saved once and Undo restores markers (1.7s)
(node:62464) Warning: The 'NO_COLOR' env is ignored due to the 'FORCE_COLOR' env being set.
(Use `node --trace-warnings ...` to show where the warning was created)
(node:62473) Warning: The 'NO_COLOR' env is ignored due to the 'FORCE_COLOR' env being set.
(Use `node --trace-warnings ...` to show where the warning was created)
Playwright directory wait timed out; exact native input/change events verified.
  ✓  37 [webkit] › tests/e2e/directory-upload-helper.spec.ts:8:3 › directory wait recovery verifies completed selection (741ms)
  ✓  38 [webkit] › tests/e2e/directory-upload-helper.spec.ts:8:3 › directory wait recovery verifies wrong files (534ms)
  ✓  40 [webkit] › tests/e2e/directory-upload-helper.spec.ts:8:3 › directory wait recovery verifies transport error (326ms)
  ✓  39 [webkit] › tests/e2e/directory-upload-helper.spec.ts:8:3 › directory wait recovery verifies missing events (381ms)
  ✓  42 [webkit] › tests/e2e/file-entry-audit.spec.ts:9:56 › drum Browse folder reviews files and Cancel keeps the empty instrument (1.1s)
  ✓  41 [webkit] › tests/e2e/file-entry-audit.spec.ts:9:56 › multisample Browse folder reviews files and Cancel keeps the empty instrument (1.2s)
  ✓  43 [webkit] › tests/e2e/file-entry-audit.spec.ts:17:1 › multisample patch settings chooser imports atomically and supports Undo (1.2s)
  ✓  44 [webkit] › tests/e2e/file-entry-audit.spec.ts:20:1 › drum import rejects malformed OP-1 files, auditions unassigned audio, and opens setup help (1.3s)
  ✓  45 [webkit] › tests/e2e/file-entry-audit.spec.ts:26:1 › mobile empty drum table browse loads the chosen pad (1.0s)
  ✓  46 [webkit] › tests/e2e/file-entry-audit.spec.ts:30:1 › multisample import inclusion and root edits commit together and Undo (1.5s)
  ✓  47 [webkit] › tests/e2e/file-entry-audit.spec.ts:36:1 › export preflight edits name and includes unassigned sound only when requested (1.8s)
  ✓  48 [webkit] › tests/e2e/file-entry-audit.spec.ts:48:1 › multisample zone selection and note naming do not change roots (1.4s)
  ✓  49 [webkit] › tests/e2e/file-entry-audit.spec.ts:53:31 › multisample empty table 1440px browse and waveform draft cancellation (1.7s)
  ✓  50 [webkit] › tests/e2e/file-entry-audit.spec.ts:53:31 › multisample empty table 390px browse and waveform draft cancellation (1.7s)
  ✓  52 [webkit] › tests/e2e/file-entry-audit.spec.ts:62:1 › wide drum MIDI audition channel persists with an isolated MIDI stub (1.1s)
  ✓  51 [webkit] › tests/e2e/file-entry-audit.spec.ts:57:1 › organize row drops choose the intended empty pads (1.4s)
  ✓  53 [webkit] › tests/e2e/file-entry-audit.spec.ts:67:1 › an empty multisample key selects the root for the nearby Add sounds chooser (1.4s)
  ✓  54 [webkit] › tests/e2e/file-entry-audit.spec.ts:71:1 › sample settings waveform drag is saved once and Undo restores markers (1.4s)
(node:62542) Warning: The 'NO_COLOR' env is ignored due to the 'FORCE_COLOR' env being set.
(Use `node --trace-warnings ...` to show where the warning was created)
(node:62541) Warning: The 'NO_COLOR' env is ignored due to the 'FORCE_COLOR' env being set.
(Use `node --trace-warnings ...` to show where the warning was created)
Playwright directory wait timed out; exact native input/change events verified.
  ✓  56 [Mobile Chrome] › tests/e2e/directory-upload-helper.spec.ts:8:3 › directory wait recovery verifies completed selection (186ms)
  ✓  55 [Mobile Chrome] › tests/e2e/directory-upload-helper.spec.ts:8:3 › directory wait recovery verifies wrong files (214ms)
  ✓  57 [Mobile Chrome] › tests/e2e/directory-upload-helper.spec.ts:8:3 › directory wait recovery verifies missing events (114ms)
  ✓  58 [Mobile Chrome] › tests/e2e/directory-upload-helper.spec.ts:8:3 › directory wait recovery verifies transport error (109ms)
  ✓  60 [Mobile Chrome] › tests/e2e/file-entry-audit.spec.ts:9:56 › multisample Browse folder reviews files and Cancel keeps the empty instrument (945ms)
  ✓  59 [Mobile Chrome] › tests/e2e/file-entry-audit.spec.ts:9:56 › drum Browse folder reviews files and Cancel keeps the empty instrument (1.1s)
  ✓  61 [Mobile Chrome] › tests/e2e/file-entry-audit.spec.ts:17:1 › multisample patch settings chooser imports atomically and supports Undo (956ms)
  ✓  62 [Mobile Chrome] › tests/e2e/file-entry-audit.spec.ts:20:1 › drum import rejects malformed OP-1 files, auditions unassigned audio, and opens setup help (1.1s)
  ✓  63 [Mobile Chrome] › tests/e2e/file-entry-audit.spec.ts:26:1 › mobile empty drum table browse loads the chosen pad (732ms)
  ✓  64 [Mobile Chrome] › tests/e2e/file-entry-audit.spec.ts:30:1 › multisample import inclusion and root edits commit together and Undo (1.1s)
  ✓  65 [Mobile Chrome] › tests/e2e/file-entry-audit.spec.ts:36:1 › export preflight edits name and includes unassigned sound only when requested (1.3s)
  ✓  66 [Mobile Chrome] › tests/e2e/file-entry-audit.spec.ts:48:1 › multisample zone selection and note naming do not change roots (957ms)
  ✓  67 [Mobile Chrome] › tests/e2e/file-entry-audit.spec.ts:53:31 › multisample empty table 1440px browse and waveform draft cancellation (1.4s)
  ✓  68 [Mobile Chrome] › tests/e2e/file-entry-audit.spec.ts:53:31 › multisample empty table 390px browse and waveform draft cancellation (1.5s)
  ✓  69 [Mobile Chrome] › tests/e2e/file-entry-audit.spec.ts:57:1 › organize row drops choose the intended empty pads (1.1s)
  ✓  70 [Mobile Chrome] › tests/e2e/file-entry-audit.spec.ts:62:1 › wide drum MIDI audition channel persists with an isolated MIDI stub (815ms)
  ✓  72 [Mobile Chrome] › tests/e2e/file-entry-audit.spec.ts:71:1 › sample settings waveform drag is saved once and Undo restores markers (1.1s)
  ✓  71 [Mobile Chrome] › tests/e2e/file-entry-audit.spec.ts:67:1 › an empty multisample key selects the root for the nearby Add sounds chooser (1.8s)
(node:62637) Warning: The 'NO_COLOR' env is ignored due to the 'FORCE_COLOR' env being set.
(Use `node --trace-warnings ...` to show where the warning was created)
(node:62645) Warning: The 'NO_COLOR' env is ignored due to the 'FORCE_COLOR' env being set.
(Use `node --trace-warnings ...` to show where the warning was created)
Playwright directory wait timed out; exact native input/change events verified.
  ✓  73 [Mobile Safari] › tests/e2e/directory-upload-helper.spec.ts:8:3 › directory wait recovery verifies completed selection (561ms)
  ✓  75 [Mobile Safari] › tests/e2e/directory-upload-helper.spec.ts:8:3 › directory wait recovery verifies missing events (411ms)
  ✓  74 [Mobile Safari] › tests/e2e/directory-upload-helper.spec.ts:8:3 › directory wait recovery verifies wrong files (706ms)
  ✓  76 [Mobile Safari] › tests/e2e/directory-upload-helper.spec.ts:8:3 › directory wait recovery verifies transport error (266ms)
  ✓  77 [Mobile Safari] › tests/e2e/file-entry-audit.spec.ts:9:56 › drum Browse folder reviews files and Cancel keeps the empty instrument (1.1s)
  ✓  78 [Mobile Safari] › tests/e2e/file-entry-audit.spec.ts:9:56 › multisample Browse folder reviews files and Cancel keeps the empty instrument (1.2s)
  ✓  79 [Mobile Safari] › tests/e2e/file-entry-audit.spec.ts:17:1 › multisample patch settings chooser imports atomically and supports Undo (1.3s)
  ✓  80 [Mobile Safari] › tests/e2e/file-entry-audit.spec.ts:20:1 › drum import rejects malformed OP-1 files, auditions unassigned audio, and opens setup help (1.4s)
  ✓  81 [Mobile Safari] › tests/e2e/file-entry-audit.spec.ts:26:1 › mobile empty drum table browse loads the chosen pad (1.0s)
  ✓  82 [Mobile Safari] › tests/e2e/file-entry-audit.spec.ts:30:1 › multisample import inclusion and root edits commit together and Undo (1.4s)
  ✓  83 [Mobile Safari] › tests/e2e/file-entry-audit.spec.ts:36:1 › export preflight edits name and includes unassigned sound only when requested (1.7s)
  ✓  84 [Mobile Safari] › tests/e2e/file-entry-audit.spec.ts:48:1 › multisample zone selection and note naming do not change roots (1.3s)
  ✓  85 [Mobile Safari] › tests/e2e/file-entry-audit.spec.ts:53:31 › multisample empty table 1440px browse and waveform draft cancellation (1.9s)
  ✓  86 [Mobile Safari] › tests/e2e/file-entry-audit.spec.ts:53:31 › multisample empty table 390px browse and waveform draft cancellation (1.7s)
  ✓  88 [Mobile Safari] › tests/e2e/file-entry-audit.spec.ts:62:1 › wide drum MIDI audition channel persists with an isolated MIDI stub (1.1s)
  ✓  87 [Mobile Safari] › tests/e2e/file-entry-audit.spec.ts:57:1 › organize row drops choose the intended empty pads (1.8s)
  ✓  89 [Mobile Safari] › tests/e2e/file-entry-audit.spec.ts:67:1 › an empty multisample key selects the root for the nearby Add sounds chooser (1.5s)
  ✓  90 [Mobile Safari] › tests/e2e/file-entry-audit.spec.ts:71:1 › sample settings waveform drag is saved once and Undo restores markers (1.4s)

  90 passed (1.1m)
