[WebServer] (node:32464) Warning: The 'NO_COLOR' env is ignored due to the 'FORCE_COLOR' env being set.
[WebServer] (Use `node --trace-warnings ...` to show where the warning was created)

Running 80 tests using 4 workers

(node:32468) Warning: The 'NO_COLOR' env is ignored due to the 'FORCE_COLOR' env being set.
(Use `node --trace-warnings ...` to show where the warning was created)
(node:32469) Warning: The 'NO_COLOR' env is ignored due to the 'FORCE_COLOR' env being set.
(Use `node --trace-warnings ...` to show where the warning was created)
(node:32471) Warning: The 'NO_COLOR' env is ignored due to the 'FORCE_COLOR' env being set.
(Use `node --trace-warnings ...` to show where the warning was created)
(node:32470) Warning: The 'NO_COLOR' env is ignored due to the 'FORCE_COLOR' env being set.
(Use `node --trace-warnings ...` to show where the warning was created)
  ✓   2 [chromium] › tests/e2e/audio-import.spec.ts:50:1 › one sound added after selecting SD2 loads into SD2 rather than the first matching snare pad (1.4s)
  ✓   4 [chromium] › tests/e2e/audio-import.spec.ts:60:1 › Replace on a loaded pad proposes that pad and applies the replacement (1.4s)
  ✓   1 [chromium] › tests/e2e/audio-import.spec.ts:39:1 › desktop row multi-chooser is one reviewed batch with collision-free explicit pads (1.4s)
  ✓   3 [chromium] › tests/e2e/audio-import.spec.ts:11:1 › actual codec files stay truthful through chooser review, one Apply, and Undo (1.9s)
  ✓   5 [chromium] › tests/e2e/audio-import.spec.ts:74:1 › actual chooser sends unknown-extension, empty, and unsupported files to shared review classification (750ms)
  ✓   7 [chromium] › tests/e2e/audio-import.spec.ts:92:1 › a captured nested drop keeps a valid sibling and reports the blocked child (768ms)
  ✓   9 [chromium] › tests/e2e/loop-editor.spec.ts:160:1 › portrait touch opens the responsive editor without a rotation gate (877ms)
  ✓  10 [chromium] › tests/e2e/loop-editor.spec.ts:171:1 › drum table opens the same frame editor and Cancel preserves its markers (911ms)
  ✓  11 [chromium] › tests/e2e/loop-editor.spec.ts:189:1 › waveform surface opens zoom and Escape preserves existing markers (729ms)
  ✓   8 [chromium] › tests/e2e/loop-editor.spec.ts:72:1 › explicit 48 kHz source-to-44.1 kHz export contract › zoom editor saves one atomic half-open edit and exports real converted loop bytes (2.2s)
  ✓  14 [chromium] › tests/e2e/slicing.spec.ts:257:1 › edited slicing session survives browser Back until explicitly discarded (733ms)
  ✓  12 [chromium] › tests/e2e/slicing.spec.ts:76:1 › direct slice replacement and existing-pad unassignment preserve originals, cancel, and atomic Undo/Redo (2.5s)
  ✓  15 [chromium] › tests/e2e/slicing.spec.ts:274:3 › slicer groups, disclosure keyboard access and fixed footer at 1280x720 (887ms)
(node:32526) Warning: The 'NO_COLOR' env is ignored due to the 'FORCE_COLOR' env being set.
(Use `node --trace-warnings ...` to show where the warning was created)
  ✓  16 [chromium] › tests/e2e/slicing.spec.ts:274:3 › slicer groups, disclosure keyboard access and fixed footer at 390x640 (886ms)
(node:32549) Warning: The 'NO_COLOR' env is ignored due to the 'FORCE_COLOR' env being set.
(Use `node --trace-warnings ...` to show where the warning was created)
  ✓   6 [chromium] › tests/e2e/audio-import.spec.ts:85:1 › malformed patch settings are rejected in both modes without changing settings (6.0s)
(node:32560) Warning: The 'NO_COLOR' env is ignored due to the 'FORCE_COLOR' env being set.
(Use `node --trace-warnings ...` to show where the warning was created)
  ✓  13 [chromium] › tests/e2e/slicing.spec.ts:124:1 › slice source, live clock mark, apply, export, undo, and portable provenance round trip (4.7s)
(node:32571) Warning: The 'NO_COLOR' env is ignored due to the 'FORCE_COLOR' env being set.
(Use `node --trace-warnings ...` to show where the warning was created)
  ✓  17 [firefox] › tests/e2e/audio-import.spec.ts:11:1 › actual codec files stay truthful through chooser review, one Apply, and Undo (2.7s)
  ✓  18 [firefox] › tests/e2e/audio-import.spec.ts:39:1 › desktop row multi-chooser is one reviewed batch with collision-free explicit pads (2.2s)
  ✓  19 [firefox] › tests/e2e/audio-import.spec.ts:50:1 › one sound added after selecting SD2 loads into SD2 rather than the first matching snare pad (2.2s)
  ✓  21 [firefox] › tests/e2e/audio-import.spec.ts:74:1 › actual chooser sends unknown-extension, empty, and unsupported files to shared review classification (1.2s)
  ✓  23 [firefox] › tests/e2e/audio-import.spec.ts:92:1 › a captured nested drop keeps a valid sibling and reports the blocked child (1.1s)
  ✓  20 [firefox] › tests/e2e/audio-import.spec.ts:60:1 › Replace on a loaded pad proposes that pad and applies the replacement (3.5s)
  ✓  25 [firefox] › tests/e2e/loop-editor.spec.ts:160:1 › portrait touch opens the responsive editor without a rotation gate (1.6s)
  ✓  24 [firefox] › tests/e2e/loop-editor.spec.ts:72:1 › explicit 48 kHz source-to-44.1 kHz export contract › zoom editor saves one atomic half-open edit and exports real converted loop bytes (3.1s)
  ✓  26 [firefox] › tests/e2e/loop-editor.spec.ts:171:1 › drum table opens the same frame editor and Cancel preserves its markers (1.4s)
  ✓  27 [firefox] › tests/e2e/loop-editor.spec.ts:189:1 › waveform surface opens zoom and Escape preserves existing markers (1.1s)
  ✓  30 [firefox] › tests/e2e/slicing.spec.ts:257:1 › edited slicing session survives browser Back until explicitly discarded (1.0s)
  ✓  22 [firefox] › tests/e2e/audio-import.spec.ts:85:1 › malformed patch settings are rejected in both modes without changing settings (6.6s)
  ✓  31 [firefox] › tests/e2e/slicing.spec.ts:274:3 › slicer groups, disclosure keyboard access and fixed footer at 1280x720 (1.3s)
  ✓  28 [firefox] › tests/e2e/slicing.spec.ts:76:1 › direct slice replacement and existing-pad unassignment preserve originals, cancel, and atomic Undo/Redo (3.1s)
  ✓  32 [firefox] › tests/e2e/slicing.spec.ts:274:3 › slicer groups, disclosure keyboard access and fixed footer at 390x640 (1.2s)
  ✓  29 [firefox] › tests/e2e/slicing.spec.ts:124:1 › slice source, live clock mark, apply, export, undo, and portable provenance round trip (5.4s)
(node:32662) Warning: The 'NO_COLOR' env is ignored due to the 'FORCE_COLOR' env being set.
(Use `node --trace-warnings ...` to show where the warning was created)
  ✓  33 [webkit] › tests/e2e/audio-import.spec.ts:50:1 › one sound added after selecting SD2 loads into SD2 rather than the first matching snare pad (1.3s)
  ✓  34 [webkit] › tests/e2e/audio-import.spec.ts:74:1 › actual chooser sends unknown-extension, empty, and unsupported files to shared review classification (1.1s)
(node:32677) Warning: The 'NO_COLOR' env is ignored due to the 'FORCE_COLOR' env being set.
(Use `node --trace-warnings ...` to show where the warning was created)
(node:32678) Warning: The 'NO_COLOR' env is ignored due to the 'FORCE_COLOR' env being set.
(Use `node --trace-warnings ...` to show where the warning was created)
(node:32679) Warning: The 'NO_COLOR' env is ignored due to the 'FORCE_COLOR' env being set.
(Use `node --trace-warnings ...` to show where the warning was created)
  ✓  37 [webkit] › tests/e2e/audio-import.spec.ts:60:1 › Replace on a loaded pad proposes that pad and applies the replacement (1.5s)
  ✓  38 [webkit] › tests/e2e/audio-import.spec.ts:39:1 › desktop row multi-chooser is one reviewed batch with collision-free explicit pads (1.5s)
  ✓  36 [webkit] › tests/e2e/audio-import.spec.ts:11:1 › actual codec files stay truthful through chooser review, one Apply, and Undo (1.9s)
  ✓  39 [webkit] › tests/e2e/audio-import.spec.ts:92:1 › a captured nested drop keeps a valid sibling and reports the blocked child (934ms)
  ✓  41 [webkit] › tests/e2e/loop-editor.spec.ts:160:1 › portrait touch opens the responsive editor without a rotation gate (1.2s)
  ✓  42 [webkit] › tests/e2e/loop-editor.spec.ts:171:1 › drum table opens the same frame editor and Cancel preserves its markers (1.2s)
  ✓  40 [webkit] › tests/e2e/loop-editor.spec.ts:72:1 › explicit 48 kHz source-to-44.1 kHz export contract › zoom editor saves one atomic half-open edit and exports real converted loop bytes (2.6s)
  ✓  43 [webkit] › tests/e2e/loop-editor.spec.ts:189:1 › waveform surface opens zoom and Escape preserves existing markers (1.0s)
  ✓  46 [webkit] › tests/e2e/slicing.spec.ts:257:1 › edited slicing session survives browser Back until explicitly discarded (1.0s)
  ✓  35 [webkit] › tests/e2e/audio-import.spec.ts:85:1 › malformed patch settings are rejected in both modes without changing settings (6.5s)
  ✓  44 [webkit] › tests/e2e/slicing.spec.ts:76:1 › direct slice replacement and existing-pad unassignment preserve originals, cancel, and atomic Undo/Redo (2.8s)
  ✓  47 [webkit] › tests/e2e/slicing.spec.ts:274:3 › slicer groups, disclosure keyboard access and fixed footer at 1280x720 (1.4s)
(node:32742) Warning: The 'NO_COLOR' env is ignored due to the 'FORCE_COLOR' env being set.
(Use `node --trace-warnings ...` to show where the warning was created)
(node:32743) Warning: The 'NO_COLOR' env is ignored due to the 'FORCE_COLOR' env being set.
(Use `node --trace-warnings ...` to show where the warning was created)
  ✓  48 [webkit] › tests/e2e/slicing.spec.ts:274:3 › slicer groups, disclosure keyboard access and fixed footer at 390x640 (1.3s)
  -  50 [Mobile Chrome] › tests/e2e/audio-import.spec.ts:39:1 › desktop row multi-chooser is one reviewed batch with collision-free explicit pads
(node:32752) Warning: The 'NO_COLOR' env is ignored due to the 'FORCE_COLOR' env being set.
(Use `node --trace-warnings ...` to show where the warning was created)
  ✓  51 [Mobile Chrome] › tests/e2e/audio-import.spec.ts:60:1 › Replace on a loaded pad proposes that pad and applies the replacement (1.1s)
  ✓  49 [Mobile Chrome] › tests/e2e/audio-import.spec.ts:11:1 › actual codec files stay truthful through chooser review, one Apply, and Undo (1.6s)
  ✓  52 [Mobile Chrome] › tests/e2e/audio-import.spec.ts:50:1 › one sound added after selecting SD2 loads into SD2 rather than the first matching snare pad (1.0s)
  ✓  45 [webkit] › tests/e2e/slicing.spec.ts:124:1 › slice source, live clock mark, apply, export, undo, and portable provenance round trip (4.8s)
  ✓  53 [Mobile Chrome] › tests/e2e/audio-import.spec.ts:74:1 › actual chooser sends unknown-extension, empty, and unsupported files to shared review classification (714ms)
(node:32768) Warning: The 'NO_COLOR' env is ignored due to the 'FORCE_COLOR' env being set.
(Use `node --trace-warnings ...` to show where the warning was created)
  ✓  55 [Mobile Chrome] › tests/e2e/audio-import.spec.ts:92:1 › a captured nested drop keeps a valid sibling and reports the blocked child (753ms)
  ✓  56 [Mobile Chrome] › tests/e2e/loop-editor.spec.ts:160:1 › portrait touch opens the responsive editor without a rotation gate (1.0s)
  ✓  58 [Mobile Chrome] › tests/e2e/loop-editor.spec.ts:171:1 › drum table opens the same frame editor and Cancel preserves its markers (1.0s)
  ✓  59 [Mobile Chrome] › tests/e2e/loop-editor.spec.ts:189:1 › waveform surface opens zoom and Escape preserves existing markers (743ms)
  ✓  57 [Mobile Chrome] › tests/e2e/loop-editor.spec.ts:72:1 › explicit 48 kHz source-to-44.1 kHz export contract › zoom editor saves one atomic half-open edit and exports real converted loop bytes (2.4s)
  ✓  62 [Mobile Chrome] › tests/e2e/slicing.spec.ts:257:1 › edited slicing session survives browser Back until explicitly discarded (735ms)
  ✓  60 [Mobile Chrome] › tests/e2e/slicing.spec.ts:76:1 › direct slice replacement and existing-pad unassignment preserve originals, cancel, and atomic Undo/Redo (2.4s)
  ✓  63 [Mobile Chrome] › tests/e2e/slicing.spec.ts:274:3 › slicer groups, disclosure keyboard access and fixed footer at 1280x720 (1.0s)
(node:32818) Warning: The 'NO_COLOR' env is ignored due to the 'FORCE_COLOR' env being set.
(Use `node --trace-warnings ...` to show where the warning was created)
  ✓  64 [Mobile Chrome] › tests/e2e/slicing.spec.ts:274:3 › slicer groups, disclosure keyboard access and fixed footer at 390x640 (1.4s)
  ✓  54 [Mobile Chrome] › tests/e2e/audio-import.spec.ts:85:1 › malformed patch settings are rejected in both modes without changing settings (6.1s)
(node:32832) Warning: The 'NO_COLOR' env is ignored due to the 'FORCE_COLOR' env being set.
(Use `node --trace-warnings ...` to show where the warning was created)
  ✓  61 [Mobile Chrome] › tests/e2e/slicing.spec.ts:124:1 › slice source, live clock mark, apply, export, undo, and portable provenance round trip (4.3s)
(node:32848) Warning: The 'NO_COLOR' env is ignored due to the 'FORCE_COLOR' env being set.
(Use `node --trace-warnings ...` to show where the warning was created)
  ✓  65 [Mobile Safari] › tests/e2e/audio-import.spec.ts:11:1 › actual codec files stay truthful through chooser review, one Apply, and Undo (1.6s)
  ✓  66 [Mobile Safari] › tests/e2e/audio-import.spec.ts:50:1 › one sound added after selecting SD2 loads into SD2 rather than the first matching snare pad (1.2s)
  ✓  68 [Mobile Safari] › tests/e2e/audio-import.spec.ts:74:1 › actual chooser sends unknown-extension, empty, and unsupported files to shared review classification (1.1s)
  ✓  67 [Mobile Safari] › tests/e2e/audio-import.spec.ts:60:1 › Replace on a loaded pad proposes that pad and applies the replacement (1.2s)
  ✓  70 [Mobile Safari] › tests/e2e/audio-import.spec.ts:92:1 › a captured nested drop keeps a valid sibling and reports the blocked child (945ms)
  ✓  72 [Mobile Safari] › tests/e2e/loop-editor.spec.ts:160:1 › portrait touch opens the responsive editor without a rotation gate (1.2s)
  ✓  71 [Mobile Safari] › tests/e2e/loop-editor.spec.ts:72:1 › explicit 48 kHz source-to-44.1 kHz export contract › zoom editor saves one atomic half-open edit and exports real converted loop bytes (2.5s)
  ✓  73 [Mobile Safari] › tests/e2e/loop-editor.spec.ts:171:1 › drum table opens the same frame editor and Cancel preserves its markers (1.2s)
  ✓  74 [Mobile Safari] › tests/e2e/loop-editor.spec.ts:189:1 › waveform surface opens zoom and Escape preserves existing markers (980ms)
(node:32888) Warning: The 'NO_COLOR' env is ignored due to the 'FORCE_COLOR' env being set.
(Use `node --trace-warnings ...` to show where the warning was created)
  -  77 [Mobile Safari] › tests/e2e/audio-import.spec.ts:39:1 › desktop row multi-chooser is one reviewed batch with collision-free explicit pads
  ✓  69 [Mobile Safari] › tests/e2e/audio-import.spec.ts:85:1 › malformed patch settings are rejected in both modes without changing settings (6.4s)
  ✓  75 [Mobile Safari] › tests/e2e/slicing.spec.ts:76:1 › direct slice replacement and existing-pad unassignment preserve originals, cancel, and atomic Undo/Redo (2.8s)
  ✓  78 [Mobile Safari] › tests/e2e/slicing.spec.ts:257:1 › edited slicing session survives browser Back until explicitly discarded (1.1s)
  ✓  80 [Mobile Safari] › tests/e2e/slicing.spec.ts:274:3 › slicer groups, disclosure keyboard access and fixed footer at 390x640 (1.3s)
  ✓  79 [Mobile Safari] › tests/e2e/slicing.spec.ts:274:3 › slicer groups, disclosure keyboard access and fixed footer at 1280x720 (1.6s)
  ✓  76 [Mobile Safari] › tests/e2e/slicing.spec.ts:124:1 › slice source, live clock mark, apply, export, undo, and portable provenance round trip (4.7s)

  2 skipped
  78 passed (54.4s)
